--- STARTING CLIQUE-BASED COARSENING COMPARISON ---
Step 1: Training Baseline on Original Graph...
----------------------------------------------------------
PROCESSING RETAIN_FRACTION=0.3
----------------------------------------------------------
--> Coarsening graph (Clique-Based) with ratio 0.3...

--- Compiling CUDA Kernels ---
--> [SUCCESS] nvcc found.
--> Compiling 'him_spectralweight.cu' into 'him_spectralweight'...
--> [SUCCESS] Compiled 'him_spectralweight'.
--> Compiling 'him_coarsening.cu' into 'him_coarsening'...
--> [SUCCESS] Compiled 'him_coarsening'.

--- Setting up CUDA Output Directories ---
--> Ensured directory 'SpectralOutput' exists.
--> Ensured directory 'CoarsedGraphOutput' exists.
--> Ensured directory 'MergeParts' exists.
--- 1. Preparing reddit Graph Data ---
--> [LOG] Loading dataset...
--> [LOG] ...Dataset loaded.
--> [LOG] Using single-label mode. Label shape: torch.Size([232965])
--> [LOG] Cleaning graph (to_simple, to_bidirected)...
--> [LOG] to_simple Done 
--> [LOG] to_bidirected Done 
--> [LOG] ...Graph cleaning done.
--> [LOG] Converting graph to CSR format...
--> [LOG] ...CSR conversion done.
Graph Size: 232965 nodes, 114615892 edges (for CSR input).

--- 2. Generating Initial Input Files in reddit_input ---
Initial input files (row.txt, column.txt, weight.txt [float]) generated.

--- 3A. Running SPECTRAL-based Weight Computation ---
--> Executing: ./him_spectralweight reddit_input
--> [SUCCESS] Finished running './him_spectralweight'.
--> [SUCCESS] Node importance scores saved to node_importance_scores.txt
--> [SUCCESS] Final weights (Range: [1, 1000000]) saved to input_coarsening_weights.txt
--> [SUCCESS] Coarsening input weights are ready.

--- 3B. Running Graph Coarsening ---
Executing: ./him_coarsening reddit_input 232965 114615892 0.3
Coarsening Output (stdout):

Threshold: 0.3
Coarsening Level 0 Number of Vertex = 232965
Merging info saved to ./MergeParts/merge_level_0.txt
Merging details for first 10 vertices at level 0:
 Vertex ID   Matched Vertex ID     New Label
         0                  15           3615
         1                 151           3616
         2                 357           3617
         3                  -1           3618
         4                  -1           3619
         5                  39           3620
         6                 695           3621
         7                 868           3622
         8                 977           3623
         9                  -1           3624
Level 0: Max coarse ID = 120703, Min coarse ID = 0, Expected max = 120703
global_cmap sample (first 10): 3615 3616 3617 3618 3619 3620 3621 3622 3623 3624 
After Coarsening Number of Vertex = 120704
Coarsening Level 1 Number of Vertex = 120704
Merging info saved to ./MergeParts/merge_level_1.txt
Merging details for first 10 vertices at level 1:
 Vertex ID   Matched Vertex ID     New Label
         0                   4          15991
         1               30271          15992
         2               14076          15993
         3               26357          15994
         4                   0          15991
         5               29488          15995
         6                1986          15996
         7               38016          15997
         8                4398          15998
         9                  -1          15999
Level 1: Max coarse ID = 62793, Min coarse ID = 0, Expected max = 62793
global_cmap sample (first 10): 24448 12177 12178 12179 12180 12181 12182 12183 12184 13043 
After Coarsening Number of Vertex = 62794
Number of coarsening passes: 2
Size of final xadj: 62795, adjncy: 42964130, weight: 42964130
Final: Max coarse ID = 62793, Min coarse ID = 0, Expected max = 62793
Total mapped vertices: 232965, Expected: 232965
Final vertex mapping saved to final_vertex_mapping.txt
Final coarsened graph saved to coarse_row.txt, coarse_column.txt, and coarse_weight.txt
Final Number of Vertices = 62794
Final Number of Edges = 21482065
INPUT FILE READING TIME: 32.9834 seconds
I/O TRANSFER TIME (CPU-GPU & GPU-CPU): 0.155464 seconds
COARSENING TIME (excluding I/O and transfers): 30.4195 seconds
Total Pre-computation time: 63.5584 seconds

Coarsening complete. Output files expected in CoarsedGraphOutput/

--- 4. Reading Coarsened Output and Aggregating Features ---
--> [LOG] Re-loading dataset for mask aggregation...

Final Coarsened Graph: Graph(num_nodes=62794, num_edges=42964130,
      ndata_schemes={'feat': Scheme(shape=(602,), dtype=torch.float32), 'label': Scheme(shape=(), dtype=torch.int64), 'train_mask': Scheme(shape=(), dtype=torch.bool), 'val_mask': Scheme(shape=(), dtype=torch.bool), 'test_mask': Scheme(shape=(), dtype=torch.bool), 'score': Scheme(shape=(), dtype=torch.float32)}
      edata_schemes={'weight': Scheme(shape=(), dtype=torch.float32)})
Final coarsened graph saved to reddit.dgl.

--- COARSENING TIMING SUMMARY ---
Data Prep Time: 64.0831 seconds
Spectral Weighting Time: 118.3044 seconds
Coarsening Execution Time: 61.1338 seconds
Total Preprocessing Time: 243.5213 seconds

--- FINAL SUMMARY ---
Original Graph Nodes: 232965, Edges: 57307946
Coarsened Graph Nodes: 62794, Edges: 21482065
Data Preparation Time: 64.0831s
Weighting Execution Time (SPECTRAL): 118.3044s
Coarsening Execution Time: 61.1338s
Total Preprocessing Time (G to G''): 243.5213s
--> Training SAGE on coarsened graph...
--> Done. Results in ./output/coarse_reddit_R0.3_1264.txt
----------------------------------------------------------
PROCESSING RETAIN_FRACTION=0.5
----------------------------------------------------------
--> Coarsening graph (Clique-Based) with ratio 0.5...

--- Compiling CUDA Kernels ---
--> [SUCCESS] nvcc found.
--> Compiling 'him_spectralweight.cu' into 'him_spectralweight'...
--> [SUCCESS] Compiled 'him_spectralweight'.
--> Compiling 'him_coarsening.cu' into 'him_coarsening'...
--> [SUCCESS] Compiled 'him_coarsening'.

--- Setting up CUDA Output Directories ---
--> Ensured directory 'SpectralOutput' exists.
--> Ensured directory 'CoarsedGraphOutput' exists.
--> Ensured directory 'MergeParts' exists.
--- 1. Preparing reddit Graph Data ---
--> [LOG] Loading dataset...
--> [LOG] ...Dataset loaded.
--> [LOG] Using single-label mode. Label shape: torch.Size([232965])
--> [LOG] Cleaning graph (to_simple, to_bidirected)...
--> [LOG] to_simple Done 
--> [LOG] to_bidirected Done 
--> [LOG] ...Graph cleaning done.
--> [LOG] Converting graph to CSR format...
--> [LOG] ...CSR conversion done.
Graph Size: 232965 nodes, 114615892 edges (for CSR input).

--- 2. Generating Initial Input Files in reddit_input ---
Initial input files (row.txt, column.txt, weight.txt [float]) generated.

--- 3A. Running SPECTRAL-based Weight Computation ---
--> Executing: ./him_spectralweight reddit_input
--> [SUCCESS] Finished running './him_spectralweight'.
--> [SUCCESS] Node importance scores saved to node_importance_scores.txt
--> [SUCCESS] Final weights (Range: [1, 1000000]) saved to input_coarsening_weights.txt
--> [SUCCESS] Coarsening input weights are ready.

--- 3B. Running Graph Coarsening ---
Executing: ./him_coarsening reddit_input 232965 114615892 0.5
Coarsening Output (stdout):

Threshold: 0.5
Coarsening Level 0 Number of Vertex = 232965
Merging info saved to ./MergeParts/merge_level_0.txt
Merging details for first 10 vertices at level 0:
 Vertex ID   Matched Vertex ID     New Label
         0                  15           3882
         1                 151           3883
         2                 357           3884
         3                  -1           3885
         4                 479           3886
         5                  39           3887
         6                 695           3888
         7                 868           3889
         8                 977           3890
         9                  -1           3891
Level 0: Max coarse ID = 120690, Min coarse ID = 0, Expected max = 120690
global_cmap sample (first 10): 3882 3883 3884 3885 3886 3887 3888 3889 3890 3891 
After Coarsening Number of Vertex = 120691
Coarsening Level 1 Number of Vertex = 120691
Merging info saved to ./MergeParts/merge_level_1.txt
Merging details for first 10 vertices at level 1:
 Vertex ID   Matched Vertex ID     New Label
         0                9104          17454
         1               24018          17455
         2                  -1          17456
         3               29728          17457
         4                5378          17458
         5                9395          17459
         6               79942          17460
         7               14775          17461
         8                6254          17462
         9               16811          17463
Level 1: Max coarse ID = 62712, Min coarse ID = 0, Expected max = 62712
global_cmap sample (first 10): 41499 41500 41501 41502 41503 41504 41505 41506 41507 5283 
After Coarsening Number of Vertex = 62713
Number of coarsening passes: 2
Size of final xadj: 62714, adjncy: 43094290, weight: 43094290
Final: Max coarse ID = 62712, Min coarse ID = 0, Expected max = 62712
Total mapped vertices: 232965, Expected: 232965
Final vertex mapping saved to final_vertex_mapping.txt
Final coarsened graph saved to coarse_row.txt, coarse_column.txt, and coarse_weight.txt
Final Number of Vertices = 62713
Final Number of Edges = 21547145
INPUT FILE READING TIME: 33.1199 seconds
I/O TRANSFER TIME (CPU-GPU & GPU-CPU): 0.155872 seconds
COARSENING TIME (excluding I/O and transfers): 31.5797 seconds
Total Pre-computation time: 64.8555 seconds

Coarsening complete. Output files expected in CoarsedGraphOutput/

--- 4. Reading Coarsened Output and Aggregating Features ---
--> [LOG] Re-loading dataset for mask aggregation...

Final Coarsened Graph: Graph(num_nodes=62713, num_edges=43094290,
      ndata_schemes={'feat': Scheme(shape=(602,), dtype=torch.float32), 'label': Scheme(shape=(), dtype=torch.int64), 'train_mask': Scheme(shape=(), dtype=torch.bool), 'val_mask': Scheme(shape=(), dtype=torch.bool), 'test_mask': Scheme(shape=(), dtype=torch.bool), 'score': Scheme(shape=(), dtype=torch.float32)}
      edata_schemes={'weight': Scheme(shape=(), dtype=torch.float32)})
Final coarsened graph saved to reddit.dgl.

--- COARSENING TIMING SUMMARY ---
Data Prep Time: 64.4640 seconds
Spectral Weighting Time: 122.2337 seconds
Coarsening Execution Time: 63.6492 seconds
Total Preprocessing Time: 250.3469 seconds

--- FINAL SUMMARY ---
Original Graph Nodes: 232965, Edges: 57307946
Coarsened Graph Nodes: 62713, Edges: 21547145
Data Preparation Time: 64.4640s
Weighting Execution Time (SPECTRAL): 122.2337s
Coarsening Execution Time: 63.6492s
Total Preprocessing Time (G to G''): 250.3469s
--> Training SAGE on coarsened graph...
--> Done. Results in ./output/coarse_reddit_R0.5_1264.txt
----------------------------------------------------------
PROCESSING RETAIN_FRACTION=0.7
----------------------------------------------------------
--> Coarsening graph (Clique-Based) with ratio 0.7...

--- Compiling CUDA Kernels ---
--> [SUCCESS] nvcc found.
--> Compiling 'him_spectralweight.cu' into 'him_spectralweight'...
--> [SUCCESS] Compiled 'him_spectralweight'.
--> Compiling 'him_coarsening.cu' into 'him_coarsening'...
--> [SUCCESS] Compiled 'him_coarsening'.

--- Setting up CUDA Output Directories ---
--> Ensured directory 'SpectralOutput' exists.
--> Ensured directory 'CoarsedGraphOutput' exists.
--> Ensured directory 'MergeParts' exists.
--- 1. Preparing reddit Graph Data ---
--> [LOG] Loading dataset...
--> [LOG] ...Dataset loaded.
--> [LOG] Using single-label mode. Label shape: torch.Size([232965])
--> [LOG] Cleaning graph (to_simple, to_bidirected)...
--> [LOG] to_simple Done 
--> [LOG] to_bidirected Done 
--> [LOG] ...Graph cleaning done.
--> [LOG] Converting graph to CSR format...
--> [LOG] ...CSR conversion done.
Graph Size: 232965 nodes, 114615892 edges (for CSR input).

--- 2. Generating Initial Input Files in reddit_input ---
Initial input files (row.txt, column.txt, weight.txt [float]) generated.

--- 3A. Running SPECTRAL-based Weight Computation ---
--> Executing: ./him_spectralweight reddit_input
--> [SUCCESS] Finished running './him_spectralweight'.
--> [SUCCESS] Node importance scores saved to node_importance_scores.txt
--> [SUCCESS] Final weights (Range: [1, 1000000]) saved to input_coarsening_weights.txt
--> [SUCCESS] Coarsening input weights are ready.

--- 3B. Running Graph Coarsening ---
Executing: ./him_coarsening reddit_input 232965 114615892 0.7
Coarsening Output (stdout):

Threshold: 0.7
Coarsening Level 0 Number of Vertex = 232965
Merging info saved to ./MergeParts/merge_level_0.txt
Merging details for first 10 vertices at level 0:
 Vertex ID   Matched Vertex ID     New Label
         0                  15           3637
         1                 151           3638
         2                 357           3639
         3                  -1           3640
         4                  -1           3641
         5                  39           3642
         6                 695           3643
         7                 868           3644
         8                 977           3645
         9                  -1           3646
Level 0: Max coarse ID = 120736, Min coarse ID = 0, Expected max = 120736
global_cmap sample (first 10): 3637 3638 3639 3640 3641 3642 3643 3644 3645 3646 
After Coarsening Number of Vertex = 120737
Number of coarsening passes: 1
Size of final xadj: 120738, adjncy: 61816849, weight: 61816849
Final: Max coarse ID = 120736, Min coarse ID = 0, Expected max = 120736
Total mapped vertices: 232965, Expected: 232965
Final vertex mapping saved to final_vertex_mapping.txt
Final coarsened graph saved to coarse_row.txt, coarse_column.txt, and coarse_weight.txt
Final Number of Vertices = 120737
Final Number of Edges = 30908424
INPUT FILE READING TIME: 33.0748 seconds
I/O TRANSFER TIME (CPU-GPU & GPU-CPU): 0.221014 seconds
COARSENING TIME (excluding I/O and transfers): 23.9945 seconds
Total Pre-computation time: 57.2903 seconds

Coarsening complete. Output files expected in CoarsedGraphOutput/

--- 4. Reading Coarsened Output and Aggregating Features ---
--> [LOG] Re-loading dataset for mask aggregation...

Final Coarsened Graph: Graph(num_nodes=120737, num_edges=61816849,
      ndata_schemes={'feat': Scheme(shape=(602,), dtype=torch.float32), 'label': Scheme(shape=(), dtype=torch.int64), 'train_mask': Scheme(shape=(), dtype=torch.bool), 'val_mask': Scheme(shape=(), dtype=torch.bool), 'test_mask': Scheme(shape=(), dtype=torch.bool), 'score': Scheme(shape=(), dtype=torch.float32)}
      edata_schemes={'weight': Scheme(shape=(), dtype=torch.float32)})
Final coarsened graph saved to reddit.dgl.

--- COARSENING TIMING SUMMARY ---
Data Prep Time: 64.7130 seconds
Spectral Weighting Time: 119.9282 seconds
Coarsening Execution Time: 62.0386 seconds
Total Preprocessing Time: 246.6798 seconds

--- FINAL SUMMARY ---
Original Graph Nodes: 232965, Edges: 57307946
Coarsened Graph Nodes: 120737, Edges: 30908424
Data Preparation Time: 64.7130s
Weighting Execution Time (SPECTRAL): 119.9282s
Coarsening Execution Time: 62.0386s
Total Preprocessing Time (G to G''): 246.6798s
--> Training SAGE on coarsened graph...
--> Done. Results in ./output/coarse_reddit_R0.7_1264.txt
----------------------------------------------------------
PROCESSING RETAIN_FRACTION=0.85
----------------------------------------------------------
--> Coarsening graph (Clique-Based) with ratio 0.85...

--- Compiling CUDA Kernels ---
--> [SUCCESS] nvcc found.
--> Compiling 'him_spectralweight.cu' into 'him_spectralweight'...
--> [SUCCESS] Compiled 'him_spectralweight'.
--> Compiling 'him_coarsening.cu' into 'him_coarsening'...
--> [SUCCESS] Compiled 'him_coarsening'.

--- Setting up CUDA Output Directories ---
--> Ensured directory 'SpectralOutput' exists.
--> Ensured directory 'CoarsedGraphOutput' exists.
--> Ensured directory 'MergeParts' exists.
--- 1. Preparing reddit Graph Data ---
--> [LOG] Loading dataset...
--> [LOG] ...Dataset loaded.
--> [LOG] Using single-label mode. Label shape: torch.Size([232965])
--> [LOG] Cleaning graph (to_simple, to_bidirected)...
--> [LOG] to_simple Done 
--> [LOG] to_bidirected Done 
--> [LOG] ...Graph cleaning done.
--> [LOG] Converting graph to CSR format...
--> [LOG] ...CSR conversion done.
Graph Size: 232965 nodes, 114615892 edges (for CSR input).

--- 2. Generating Initial Input Files in reddit_input ---
Initial input files (row.txt, column.txt, weight.txt [float]) generated.

--- 3A. Running SPECTRAL-based Weight Computation ---
--> Executing: ./him_spectralweight reddit_input
--> [SUCCESS] Finished running './him_spectralweight'.
--> [SUCCESS] Node importance scores saved to node_importance_scores.txt
--> [SUCCESS] Final weights (Range: [1, 1000000]) saved to input_coarsening_weights.txt
--> [SUCCESS] Coarsening input weights are ready.

--- 3B. Running Graph Coarsening ---
Executing: ./him_coarsening reddit_input 232965 114615892 0.85
Coarsening Output (stdout):

Threshold: 0.85
Coarsening Level 0 Number of Vertex = 232965
Merging info saved to ./MergeParts/merge_level_0.txt
Merging details for first 10 vertices at level 0:
 Vertex ID   Matched Vertex ID     New Label
         0                  15           3536
         1                 151           3537
         2                 357           3538
         3                  -1           3539
         4                 479           3540
         5                  39           3541
         6                 695           3542
         7                 868           3543
         8                 977           3544
         9                  -1           3545
Level 0: Max coarse ID = 120688, Min coarse ID = 0, Expected max = 120688
global_cmap sample (first 10): 3536 3537 3538 3539 3540 3541 3542 3543 3544 3545 
After Coarsening Number of Vertex = 120689
Number of coarsening passes: 1
Size of final xadj: 120690, adjncy: 61783507, weight: 61783507
Final: Max coarse ID = 120688, Min coarse ID = 0, Expected max = 120688
Total mapped vertices: 232965, Expected: 232965
Final vertex mapping saved to final_vertex_mapping.txt
Final coarsened graph saved to coarse_row.txt, coarse_column.txt, and coarse_weight.txt
Final Number of Vertices = 120689
Final Number of Edges = 30891753
INPUT FILE READING TIME: 33.0047 seconds
I/O TRANSFER TIME (CPU-GPU & GPU-CPU): 0.222752 seconds
COARSENING TIME (excluding I/O and transfers): 24.4815 seconds
Total Pre-computation time: 57.7089 seconds

Coarsening complete. Output files expected in CoarsedGraphOutput/

--- 4. Reading Coarsened Output and Aggregating Features ---
--> [LOG] Re-loading dataset for mask aggregation...

Final Coarsened Graph: Graph(num_nodes=120689, num_edges=61783507,
      ndata_schemes={'feat': Scheme(shape=(602,), dtype=torch.float32), 'label': Scheme(shape=(), dtype=torch.int64), 'train_mask': Scheme(shape=(), dtype=torch.bool), 'val_mask': Scheme(shape=(), dtype=torch.bool), 'test_mask': Scheme(shape=(), dtype=torch.bool), 'score': Scheme(shape=(), dtype=torch.float32)}
      edata_schemes={'weight': Scheme(shape=(), dtype=torch.float32)})
Final coarsened graph saved to reddit.dgl.

--- COARSENING TIMING SUMMARY ---
Data Prep Time: 64.3752 seconds
Spectral Weighting Time: 119.3895 seconds
Coarsening Execution Time: 61.6692 seconds
Total Preprocessing Time: 245.4339 seconds

--- FINAL SUMMARY ---
Original Graph Nodes: 232965, Edges: 57307946
Coarsened Graph Nodes: 120689, Edges: 30891753
Data Preparation Time: 64.3752s
Weighting Execution Time (SPECTRAL): 119.3895s
Coarsening Execution Time: 61.6692s
Total Preprocessing Time (G to G''): 245.4339s
--> Training SAGE on coarsened graph...
--> Done. Results in ./output/coarse_reddit_R0.85_1264.txt
--- ALL COARSENING EXPERIMENTS COMPLETE ---
